\BOOKMARK [1][-]{chapter*.3}{\376\377\000L\000i\000s\000t\000e\000\040\000d\000e\000s\000\040\000a\000c\000r\000o\000n\000y\000m\000e\000s\000\040}{}% 1
\BOOKMARK [0][-]{chapter*.4}{\376\377\000I\000n\000t\000r\000o\000d\000u\000c\000t\000i\000o\000n\000\040\000g\000\351\000n\000\351\000r\000a\000l\000e}{}% 2
\BOOKMARK [0][-]{chapter.1}{\376\377\000\040\000R\000e\000f\000o\000n\000t\000e\000\040\000d\000e\000\040\000l\000a\000\040\000c\000h\000a\000\356\000n\000e\000\040\000D\000a\000t\000a\000\040\000e\000t\000\040\000d\000\351\000c\000i\000s\000i\000o\000n\000n\000e\000l\000l\000e\000\040\000d\000'\000I\000P\000A\000N\000E\000M\000A\000\040\000I\000n\000t\000r\000o\000d\000u\000c\000t\000i\000o\000n\000\040}{}% 3
\BOOKMARK [1][-]{section.1.1}{\376\377\000I\000n\000t\000r\000o\000d\000u\000c\000t\000i\000o\000n}{chapter.1}% 4
\BOOKMARK [1][-]{section.1.2}{\376\377\000C\000o\000n\000t\000e\000x\000t\000e\000\040\000e\000t\000\040\000p\000r\000o\000b\000l\000\351\000m\000a\000t\000i\000q\000u\000e}{chapter.1}% 5
\BOOKMARK [1][-]{section.1.3}{\376\377\000O\000b\000j\000e\000c\000t\000i\000f\000s\000\040\000e\000t\000\040\000c\000r\000i\000t\000\350\000r\000e\000s\000\040\000d\000'\000\351\000v\000a\000l\000u\000a\000t\000i\000o\000n}{chapter.1}% 6
\BOOKMARK [1][-]{section.1.4}{\376\377\000R\000\351\000p\000o\000n\000s\000e\000\040\000a\000p\000p\000o\000r\000t\000\351\000e}{chapter.1}% 7
\BOOKMARK [1][-]{section.1.5}{\376\377\000R\000\351\000a\000l\000i\000s\000a\000t\000i\000o\000n\000s\000\040\000e\000t\000\040\000r\000\351\000s\000u\000l\000t\000a\000t\000s\000\040\000o\000b\000t\000e\000n\000u\000s}{chapter.1}% 8
\BOOKMARK [1][-]{section.1.6}{\376\377\000P\000r\000i\000n\000c\000i\000p\000a\000u\000x\000\040\000\351\000l\000\351\000m\000e\000n\000t\000s\000\040\000d\000e\000\040\000m\000a\000n\000a\000g\000e\000m\000e\000n\000t\000\040\000d\000u\000\040\000p\000r\000o\000j\000e\000t}{chapter.1}% 9
\BOOKMARK [1][-]{section.1.7}{\376\377\000\040\000C\000o\000n\000c\000l\000u\000s\000i\000o\000n}{chapter.1}% 10
\BOOKMARK [0][-]{chapter.2}{\376\377\000\040\000R\000A\000P\000P\000O\000R\000T\000\040\000D\040\031\000\311\000T\000U\000D\000E\000\040\000:\000\040\000R\000e\000f\000o\000n\000t\000e\000\040\000d\000e\000\040\000l\000a\000\040\000c\000h\000a\000\356\000n\000e\000\040\000d\000e\000\040\000t\000r\000a\000i\000t\000e\000m\000e\000n\000t\000\040\000e\000t\000\040\000d\000e\000\040\000v\000a\000l\000o\000r\000i\000s\000a\000t\000i\000o\000n\000\040\000d\000e\000s\000\040\000d\000o\000n\000n\000\351\000e\000s\000\040\000d\040\031\000I\000P\000A\000N\000E\000M\000A\000\040}{}% 11
\BOOKMARK [1][-]{section.2.1}{\376\377\000I\000n\000t\000r\000o\000d\000u\000c\000t\000i\000o\000n}{chapter.2}% 12
\BOOKMARK [1][-]{section.2.2}{\376\377\000\040\000C\000o\000n\000t\000e\000x\000t\000e\000\040\000e\000t\000\040\000p\000r\000o\000b\000l\000\351\000m\000a\000t\000i\000q\000u\000e}{chapter.2}% 13
\BOOKMARK [2][-]{subsection.2.2.1}{\376\377\000\040\000I\000P\000A\000N\000E\000M\000A\000\040\000e\000t\000\040\000l\000a\000\040\000m\000a\000\356\000t\000r\000i\000s\000e\000\040\000d\000e\000s\000\040\000T\000i\000e\000r\000c\000e\000s\000\040\000P\000a\000r\000t\000i\000e\000s\000\040}{section.2.2}% 14
\BOOKMARK [2][-]{subsection.2.2.2}{\376\377\000\040\000P\000\351\000r\000i\000m\000\350\000t\000r\000e\000\040\000d\000u\000\040\000p\000r\000o\000j\000e\000t\000\040\000I\000P\000A\000N\000E\000M\000A\000\040\000V\0002\000\040}{section.2.2}% 15
\BOOKMARK [2][-]{subsection.2.2.3}{\376\377\000P\000r\000o\000b\000l\000\351\000m\000a\000t\000i\000q\000u\000e\000\040\000d\000e\000\040\000l\040\031\000\351\000t\000u\000d\000e}{section.2.2}% 16
\BOOKMARK [1][-]{section.2.3}{\376\377\000C\000o\000m\000p\000r\000\351\000h\000e\000n\000s\000i\000o\000n\000\040\000d\000u\000\040\000b\000e\000s\000o\000i\000n\000\040\000m\000\351\000t\000i\000e\000r}{chapter.2}% 17
\BOOKMARK [2][-]{subsection.2.3.1}{\376\377\000L\000e\000s\000\040\000a\000c\000t\000e\000u\000r\000s\000\040\000e\000t\000\040\000u\000t\000i\000l\000i\000s\000a\000t\000e\000u\000r\000s\000\040\000d\040\031\000I\000P\000A\000N\000E\000M\000A}{section.2.3}% 18
\BOOKMARK [2][-]{subsection.2.3.2}{\376\377\000P\000r\000o\000c\000e\000s\000s\000u\000s\000\040\000d\040\031\000\351\000v\000a\000l\000u\000a\000t\000i\000o\000n\000\040\000d\040\031\000u\000n\000e\000\040\000T\000i\000e\000r\000c\000e\000\040\000P\000a\000r\000t\000i\000e\000\040}{section.2.3}% 19
\BOOKMARK [2][-]{subsection.2.3.3}{\376\377\000L\000e\000s\000\040\000n\000i\000v\000e\000a\000u\000x\000\040\000d\000e\000\040\000r\000i\000s\000q\000u\000e}{section.2.3}% 20
\BOOKMARK [1][-]{section.2.4}{\376\377\000A\000n\000a\000l\000y\000s\000e\000\040\000d\000e\000\040\000l\040\031\000e\000x\000i\000s\000t\000a\000n\000t\000\040\000e\000t\000\040\000d\000i\000a\000g\000n\000o\000s\000t\000i\000c}{chapter.2}% 21
\BOOKMARK [2][-]{subsection.2.4.1}{\376\377\000A\000r\000c\000h\000i\000t\000e\000c\000t\000u\000r\000e\000\040\000i\000n\000i\000t\000i\000a\000l\000e}{section.2.4}% 22
\BOOKMARK [2][-]{subsection.2.4.2}{\376\377\000A\000n\000a\000l\000y\000s\000e\000\040\000d\000u\000\040\000t\000r\000a\000i\000t\000e\000m\000e\000n\000t\000\040\000i\000n\000i\000t\000i\000a\000l\000\040}{section.2.4}% 23
\BOOKMARK [2][-]{subsection.2.4.3}{\376\377\000L\000i\000m\000i\000t\000e\000s\000\040\000e\000t\000\040\000a\000n\000o\000m\000a\000l\000i\000e\000s\000\040\000i\000d\000e\000n\000t\000i\000f\000i\000\351\000e\000s}{section.2.4}% 24
\BOOKMARK [2][-]{subsection.2.4.4}{\376\377\000D\000i\000a\000g\000n\000o\000s\000t\000i\000c}{section.2.4}% 25
\BOOKMARK [1][-]{section.2.5}{\376\377\000F\000o\000r\000m\000a\000l\000i\000s\000a\000t\000i\000o\000n\000\040\000d\000u\000\040\000b\000e\000s\000o\000i\000n\000\040\000e\000t\000\040\000d\000e\000s\000\040\000e\000x\000i\000g\000e\000n\000c\000e\000s}{chapter.2}% 26
\BOOKMARK [2][-]{subsection.2.5.1}{\376\377\000E\000x\000p\000r\000e\000s\000s\000i\000o\000n\000\040\000d\000u\000\040\000b\000e\000s\000o\000i\000n\000\040\000:\000\040\000D\000i\000a\000g\000r\000a\000m\000m\000e\000\040\000\253\000\040\000b\000\352\000t\000e\000\040\000\340\000\040\000c\000o\000r\000n\000e\000s\000\040\000\273}{section.2.5}% 27
\BOOKMARK [1][-]{section.2.6}{\376\377\000C\000a\000m\000p\000a\000g\000n\000e\000\040\000d\000e\000\040\000t\000e\000s\000t\000s\000\040\000d\000u\000\040\000p\000r\000e\000m\000i\000e\000r\000\040\000m\000o\000d\000u\000l\000e\000\040\000d\000e\000\040\000l\000a\000\040\000p\000l\000a\000t\000e\000f\000o\000r\000m\000e}{chapter.2}% 28
\BOOKMARK [2][-]{subsection.2.6.1}{\376\377\000O\000b\000j\000e\000c\000t\000i\000f\000\040\000d\000e\000\040\000l\000a\000\040\000c\000a\000m\000p\000a\000g\000n\000e}{section.2.6}% 29
\BOOKMARK [2][-]{subsection.2.6.2}{\376\377\000M\000\303\000\251\000t\000h\000o\000d\000o\000l\000o\000g\000i\000e}{section.2.6}% 30
\BOOKMARK [2][-]{subsection.2.6.3}{\376\377\000R\000\303\000\251\000s\000u\000l\000t\000a\000t\000s\000\040\000d\000e\000s\000\040\000t\000e\000s\000t\000s}{section.2.6}% 31
\BOOKMARK [2][-]{subsection.2.6.4}{\376\377\000\303\040\060\000v\000o\000l\000u\000t\000i\000o\000n\000s\000\040\000f\000o\000n\000c\000t\000i\000o\000n\000n\000e\000l\000l\000e\000s\000\040\000d\000\303\000\251\000v\000e\000l\000o\000p\000p\000\303\000\251\000e\000s\000\040\000e\000n\000\040\000c\000o\000m\000p\000l\000\303\000\251\000m\000e\000n\000t}{section.2.6}% 32
\BOOKMARK [1][-]{section.2.7}{\376\377\000D\000\303\000\251\000v\000e\000l\000o\000p\000p\000e\000m\000e\000n\000t\000\040\000d\000e\000s\000\040\000\303\000\251\000v\000o\000l\000u\000t\000i\000o\000n\000s\000\040\000f\000o\000n\000c\000t\000i\000o\000n\000n\000e\000l\000l\000e\000s\000\040\000d\000\303\000\251\000v\000e\000l\000o\000p\000p\000\303\000\251\000e\000s\000\040\000e\000n\000\040\000c\000o\000m\000p\000l\000\303\000\251\000m\000e\000n\000t}{chapter.2}% 33
\BOOKMARK [2][-]{subsection.2.7.1}{\376\377\000O\000b\000j\000e\000c\000t\000i\000f\000s\000\040\000f\000o\000n\000c\000t\000i\000o\000n\000n\000e\000l\000s}{section.2.7}% 34
\BOOKMARK [2][-]{subsection.2.7.2}{\376\377\000\303\040\060\000t\000u\000d\000e\000\040\000c\000o\000n\000c\000e\000p\000t\000u\000e\000l\000l\000e\000\040\000d\000e\000\040\000l\000\342\040\254\041\042\000a\000p\000p\000l\000i\000c\000a\000t\000i\000o\000n\000\040}{section.2.7}% 35
\BOOKMARK [2][-]{subsection.2.7.3}{\376\377\000T\000e\000c\000h\000n\000o\000l\000o\000g\000i\000e\000s\000\040\000e\000t\000\040\000o\000u\000t\000i\000l\000s\000\040\000u\000t\000i\000l\000i\000s\000\303\000\251\000s}{section.2.7}% 36
\BOOKMARK [2][-]{subsection.2.7.4}{\376\377\000O\000r\000g\000a\000n\000i\000s\000a\000t\000i\000o\000n\000\040\000e\000t\000\040\000g\000e\000s\000t\000i\000o\000n\000\040\000d\000e\000\040\000l\000\342\040\254\041\042\000i\000n\000t\000\303\000\251\000g\000r\000a\000t\000i\000o\000n\000\040\000e\000t\000\040\000d\000u\000\040\000v\000e\000r\000s\000i\000o\000n\000i\000n\000g\000\040}{section.2.7}% 37
\BOOKMARK [1][-]{section.2.8}{\376\377\000C\000o\000n\000c\000l\000u\000s\000i\000o\000n}{chapter.2}% 38
\BOOKMARK [0][-]{chapter*.14}{\376\377\000C\000o\000n\000c\000l\000u\000s\000i\000o\000n\000\040\000g\000\351\000n\000\351\000r\000a\000l\000e}{}% 39
\BOOKMARK [0][-]{section*.15}{\376\377\000A\000n\000n\000e\000x\000e\000\040\040\023\000\040\000\311\000l\000\351\000m\000e\000n\000t\000s\000\040\000c\000o\000m\000p\000l\000\351\000m\000e\000n\000t\000a\000i\000r\000e\000s}{}% 40
\BOOKMARK [0][-]{part*.16}{\376\377\000B\000i\000b\000l\000i\000o\000g\000r\000a\000p\000h\000i\000e}{}% 41
