This is pdfTeX, Version 3.141592653-2.6-1.40.28 (MiKTeX 25.12) (preloaded format=pdflatex 2026.8.19)  20 AUG 2026 17:09
entering extended mode
 restricted \write18 enabled.
 file:line:error style messages enabled.
 %&-line parsing enabled.
**./main.tex
(main.tex
LaTeX2e <2025-11-01>
L3 programming layer <2025-12-24>
(C:\Program Files\MiKTeX\tex/latex/base\report.cls
Document Class: report 2025/01/22 v1.4n Standard LaTeX document class
(C:\Program Files\MiKTeX\tex/latex/base\size11.clo
File: size11.clo 2025/01/22 v1.4n Standard LaTeX file (size option)
)
\c@part=\count275
\c@chapter=\count276
\c@section=\count277
\c@subsection=\count278
\c@subsubsection=\count279
\c@paragraph=\count280
\c@subparagraph=\count281
\c@figure=\count282
\c@table=\count283
\abovecaptionskip=\skip49
\belowcaptionskip=\skip50
\bibindent=\dimen148
)
(C:\Program Files\MiKTeX\tex/latex/base\inputenc.sty
Package: inputenc 2024/02/08 v1.3d Input encoding file
\inpenc@prehook=\toks17
\inpenc@posthook=\toks18
)
(C:\Program Files\MiKTeX\tex/latex/base\fontenc.sty
Package: fontenc 2025/07/18 v2.1d Standard LaTeX package
)
(C:\Program Files\MiKTeX\tex/generic/babel\babel.sty
Package: babel 2025/12/11 v25.17 The multilingual framework for LuaLaTeX, pdfLa
TeX and XeLaTeX
\babel@savecnt=\count284
LaTeX Encoding Info:    Redeclaring text command \ij (encoding OT1) on input li
ne 2068.
LaTeX Encoding Info:    Redeclaring text command \IJ (encoding OT1) on input li
ne 2070.
LaTeX Encoding Info:    Redeclaring text command \ij (encoding T1) on input lin
e 2072.
LaTeX Encoding Info:    Redeclaring text command \IJ (encoding T1) on input lin
e 2073.
LaTeX Encoding Info:    Ignoring declaration for text command \ij (encoding ?) 
on input line 2074.
LaTeX Encoding Info:    Ignoring declaration for text command \IJ (encoding ?) 
on input line 2076.
LaTeX Encoding Info:    Ignoring declaration for text command \SS (encoding ?) 
on input line 2101.
\U@D=\dimen149
\l@unhyphenated=\language79

(C:\Program Files\MiKTeX\tex/generic/babel\txtbabel.def)
\bbl@readstream=\read2
\bbl@dirlevel=\count285
Package babel Info: Configuration files are deprecated, as
(babel)             they can break document portability.
(babel)             Reported on input line 4196.

*************************************
* Local config file bblopts.cfg used
*
(C:\Program Files\MiKTeX\tex/latex/arabi\bblopts.cfg
File: bblopts.cfg 2005/09/08 v0.1 add Arabic and Farsi to "declared" options of
 babel
)
(C:\Program Files\MiKTeX\tex/generic/babel/locale/fr\babel-french.tex)
Package babel Info: Importing font and identification data for french
(babel)             from babel-fr.ini. Reported on input line 4320.

(C:\Users\dridi\AppData\Roaming\MiKTeX\tex/generic/babel-french\french.ldf
Language: french 2026-06-06 v4.1a French support from the babel system

(C:\Users\dridi\AppData\Roaming\MiKTeX\tex/generic/babel-french\french3.ldf
Language: french 2026-06-06 v3.7f French support from the babel system
\FB@stdchar=\count286
Package babel Info: Making : an active character on input line 266.
Package babel Info: Making ; an active character on input line 267.
Package babel Info: Making ! an active character on input line 268.
Package babel Info: Making ? an active character on input line 269.
\FBguill@level=\count287
\FBold@everypar=\toks19
\FB@Mht=\dimen150
\mc@charclass=\count288
\mc@charfam=\count289
\mc@charslot=\count290
\std@mcc=\count291
\dec@mcc=\count292
\listindentFB=\dimen151
\descindentFB=\dimen152
\labelwidthFB=\dimen153
\labelfullwidthFB=\dimen154
\FB@pardim=\dimen155
\parindentFFN=\dimen156
\FBfnindent=\dimen157
)))
(C:\Users\dridi\AppData\Roaming\MiKTeX\tex/latex/carlisle\scalefnt.sty)
(C:\Users\dridi\AppData\Roaming\MiKTeX\tex/latex/psnfss\mathptmx.sty
Package: mathptmx 2020/03/25 PSNFSS-v9.3 Times w/ Math, improved (SPQR, WaS) 
LaTeX Font Info:    Redeclaring symbol font `operators' on input line 28.
LaTeX Font Info:    Overwriting symbol font `operators' in version `normal'
(Font)                  OT1/cmr/m/n --> OT1/ztmcm/m/n on input line 28.
LaTeX Font Info:    Overwriting symbol font `operators' in version `bold'
(Font)                  OT1/cmr/bx/n --> OT1/ztmcm/m/n on input line 28.
LaTeX Font Info:    Redeclaring symbol font `letters' on input line 29.
LaTeX Font Info:    Overwriting symbol font `letters' in version `normal'
(Font)                  OML/cmm/m/it --> OML/ztmcm/m/it on input line 29.
LaTeX Font Info:    Overwriting symbol font `letters' in version `bold'
(Font)                  OML/cmm/b/it --> OML/ztmcm/m/it on input line 29.
LaTeX Font Info:    Redeclaring symbol font `symbols' on input line 30.
LaTeX Font Info:    Overwriting symbol font `symbols' in version `normal'
(Font)                  OMS/cmsy/m/n --> OMS/ztmcm/m/n on input line 30.
LaTeX Font Info:    Overwriting symbol font `symbols' in version `bold'
(Font)                  OMS/cmsy/b/n --> OMS/ztmcm/m/n on input line 30.
LaTeX Font Info:    Redeclaring symbol font `largesymbols' on input line 31.
LaTeX Font Info:    Overwriting symbol font `largesymbols' in version `normal'
(Font)                  OMX/cmex/m/n --> OMX/ztmcm/m/n on input line 31.
LaTeX Font Info:    Overwriting symbol font `largesymbols' in version `bold'
(Font)                  OMX/cmex/m/n --> OMX/ztmcm/m/n on input line 31.
\symbold=\mathgroup4
\symitalic=\mathgroup5
LaTeX Font Info:    Redeclaring math alphabet \mathbf on input line 34.
LaTeX Font Info:    Overwriting math alphabet `\mathbf' in version `normal'
(Font)                  OT1/cmr/bx/n --> OT1/ptm/bx/n on input line 34.
LaTeX Font Info:    Overwriting math alphabet `\mathbf' in version `bold'
(Font)                  OT1/cmr/bx/n --> OT1/ptm/bx/n on input line 34.
LaTeX Font Info:    Redeclaring math alphabet \mathit on input line 35.
LaTeX Font Info:    Overwriting math alphabet `\mathit' in version `normal'
(Font)                  OT1/cmr/m/it --> OT1/ptm/m/it on input line 35.
LaTeX Font Info:    Overwriting math alphabet `\mathit' in version `bold'
(Font)                  OT1/cmr/bx/it --> OT1/ptm/m/it on input line 35.
LaTeX Info: Redefining \hbar on input line 50.
)
(C:\Program Files\MiKTeX\tex/latex/graphics\graphicx.sty
Package: graphicx 2024/12/31 v1.2e Enhanced LaTeX Graphics (DPC,SPQR)

(C:\Program Files\MiKTeX\tex/latex/graphics\keyval.sty
Package: keyval 2022/05/29 v1.15 key=value parser (DPC)
\KV@toks@=\toks20
)
(C:\Program Files\MiKTeX\tex/latex/graphics\graphics.sty
Package: graphics 2024/08/06 v1.4g Standard LaTeX Graphics (DPC,SPQR)

(C:\Program Files\MiKTeX\tex/latex/graphics\trig.sty
Package: trig 2023/12/02 v1.11 sin cos tan (DPC)
)
(C:\Program Files\MiKTeX\tex/latex/graphics-cfg\graphics.cfg
File: graphics.cfg 2016/06/04 v1.11 sample graphics configuration
)
Package graphics Info: Driver file: pdftex.def on input line 106.

(C:\Program Files\MiKTeX\tex/latex/graphics-def\pdftex.def
File: pdftex.def 2025/09/29 v1.2d Graphics/color driver for pdftex
))
\Gin@req@height=\dimen158
\Gin@req@width=\dimen159
)
(C:\Users\dridi\AppData\Roaming\MiKTeX\tex/latex/geometry\geometry.sty
Package: geometry 2026/03/07 v6.0 Page Geometry

(C:\Program Files\MiKTeX\tex/generic/iftex\ifvtex.sty
Package: ifvtex 2019/10/25 v1.7 ifvtex legacy package. Use iftex instead.

(C:\Program Files\MiKTeX\tex/generic/iftex\iftex.sty
Package: iftex 2024/12/12 v1.0g TeX engine tests
))
\Gm@cnth=\count293
\Gm@cntv=\count294
\c@Gm@tempcnt=\count295
\Gm@bindingoffset=\dimen160
\Gm@wd@mp=\dimen161
\Gm@odd@mp=\dimen162
\Gm@even@mp=\dimen163
\Gm@layoutwidth=\dimen164
\Gm@layoutheight=\dimen165
\Gm@layouthoffset=\dimen166
\Gm@layoutvoffset=\dimen167
\Gm@dimlist=\toks21

(C:\Users\dridi\AppData\Roaming\MiKTeX\tex/latex/geometry\geometry.cfg))
(C:\Users\dridi\AppData\Roaming\MiKTeX\tex/latex/setspace\setspace.sty
Package: setspace 2022/12/04 v6.7b set line spacing
)
(C:\Program Files\MiKTeX\tex/latex/graphics\color.sty
Package: color 2025/01/14 v1.3e Standard LaTeX Color (DPC)

(C:\Program Files\MiKTeX\tex/latex/graphics-cfg\color.cfg
File: color.cfg 2016/01/02 v1.6 sample color configuration
)
Package color Info: Driver file: pdftex.def on input line 149.

(C:\Program Files\MiKTeX\tex/latex/graphics\mathcolor.ltx))
(C:\Program Files\MiKTeX\tex/latex/tools\indentfirst.sty
Package: indentfirst 2023/07/02 v1.03 Indent first paragraph (DPC)
)
(C:\Users\dridi\AppData\Roaming\MiKTeX\tex/latex/titling\titling.sty
Package: titling 2009/09/04 v2.1d maketitle typesetting
\thanksmarkwidth=\skip51
\thanksmargin=\skip52
\droptitle=\skip53
)
(C:\Program Files\MiKTeX\tex/latex/pgf/frontendlayer\tikz.sty
(C:\Program Files\MiKTeX\tex/latex/pgf/basiclayer\pgf.sty
(C:\Program Files\MiKTeX\tex/latex/pgf/utilities\pgfrcs.sty
(C:\Program Files\MiKTeX\tex/generic/pgf/utilities\pgfutil-common.tex
\pgfutil@everybye=\toks22
\pgfutil@tempdima=\dimen168
\pgfutil@tempdimb=\dimen169
)
(C:\Program Files\MiKTeX\tex/generic/pgf/utilities\pgfutil-latex.def
\pgfutil@abb=\box53
)
(C:\Program Files\MiKTeX\tex/generic/pgf/utilities\pgfrcs.code.tex
(C:\Program Files\MiKTeX\tex/generic/pgf\pgf.revision.tex)
Package: pgfrcs 2025-08-29 v3.1.11a (3.1.11a)
))
Package: pgf 2025-08-29 v3.1.11a (3.1.11a)

(C:\Program Files\MiKTeX\tex/latex/pgf/basiclayer\pgfcore.sty
(C:\Program Files\MiKTeX\tex/latex/pgf/systemlayer\pgfsys.sty
(C:\Program Files\MiKTeX\tex/generic/pgf/systemlayer\pgfsys.code.tex
Package: pgfsys 2025-08-29 v3.1.11a (3.1.11a)

(C:\Program Files\MiKTeX\tex/generic/pgf/utilities\pgfkeys.code.tex
\pgfkeys@pathtoks=\toks23
\pgfkeys@temptoks=\toks24

(C:\Program Files\MiKTeX\tex/generic/pgf/utilities\pgfkeyslibraryfiltered.code.
tex
\pgfkeys@tmptoks=\toks25
))
\pgf@x=\dimen170
\pgf@y=\dimen171
\pgf@xa=\dimen172
\pgf@ya=\dimen173
\pgf@xb=\dimen174
\pgf@yb=\dimen175
\pgf@xc=\dimen176
\pgf@yc=\dimen177
\pgf@xd=\dimen178
\pgf@yd=\dimen179
\w@pgf@writea=\write3
\r@pgf@reada=\read3
\c@pgf@counta=\count296
\c@pgf@countb=\count297
\c@pgf@countc=\count298
\c@pgf@countd=\count299
\t@pgf@toka=\toks26
\t@pgf@tokb=\toks27
\t@pgf@tokc=\toks28
\pgf@sys@id@count=\count300
 (C:\Program Files\MiKTeX\tex/generic/pgf/systemlayer\pgf.cfg
File: pgf.cfg 2025-08-29 v3.1.11a (3.1.11a)
)
Driver file for pgf: pgfsys-pdftex.def

(C:\Program Files\MiKTeX\tex/generic/pgf/systemlayer\pgfsys-pdftex.def
File: pgfsys-pdftex.def 2025-08-29 v3.1.11a (3.1.11a)

(C:\Program Files\MiKTeX\tex/generic/pgf/systemlayer\pgfsys-common-pdf.def
File: pgfsys-common-pdf.def 2025-08-29 v3.1.11a (3.1.11a)
)))
(C:\Program Files\MiKTeX\tex/generic/pgf/systemlayer\pgfsyssoftpath.code.tex
File: pgfsyssoftpath.code.tex 2025-08-29 v3.1.11a (3.1.11a)
\pgfsyssoftpath@smallbuffer@items=\count301
\pgfsyssoftpath@bigbuffer@items=\count302
)
(C:\Program Files\MiKTeX\tex/generic/pgf/systemlayer\pgfsysprotocol.code.tex
File: pgfsysprotocol.code.tex 2025-08-29 v3.1.11a (3.1.11a)
))
(C:\Program Files\MiKTeX\tex/latex/xcolor\xcolor.sty
Package: xcolor 2024/09/29 v3.02 LaTeX color extensions (UK)

(C:\Program Files\MiKTeX\tex/latex/graphics-cfg\color.cfg
File: color.cfg 2016/01/02 v1.6 sample color configuration
)
Package xcolor Info: Driver file: pdftex.def on input line 274.
LaTeX Info: Redefining \color on input line 762.

(C:\Program Files\MiKTeX\tex/latex/graphics\mathcolor.ltx)
Package xcolor Info: Model `cmy' substituted by `cmy0' on input line 1349.
Package xcolor Info: Model `hsb' substituted by `rgb' on input line 1353.
Package xcolor Info: Model `RGB' extended on input line 1365.
Package xcolor Info: Model `HTML' substituted by `rgb' on input line 1367.
Package xcolor Info: Model `Hsb' substituted by `hsb' on input line 1368.
Package xcolor Info: Model `tHsb' substituted by `hsb' on input line 1369.
Package xcolor Info: Model `HSB' substituted by `hsb' on input line 1370.
Package xcolor Info: Model `Gray' substituted by `gray' on input line 1371.
Package xcolor Info: Model `wave' substituted by `hsb' on input line 1372.
)
(C:\Program Files\MiKTeX\tex/generic/pgf/basiclayer\pgfcore.code.tex
Package: pgfcore 2025-08-29 v3.1.11a (3.1.11a)

(C:\Program Files\MiKTeX\tex/generic/pgf/math\pgfmath.code.tex
(C:\Program Files\MiKTeX\tex/generic/pgf/math\pgfmathutil.code.tex)
(C:\Program Files\MiKTeX\tex/generic/pgf/math\pgfmathparser.code.tex
\pgfmath@dimen=\dimen180
\pgfmath@count=\count303
\pgfmath@box=\box54
\pgfmath@toks=\toks29
\pgfmath@stack@operand=\toks30
\pgfmath@stack@operation=\toks31
)
(C:\Program Files\MiKTeX\tex/generic/pgf/math\pgfmathfunctions.code.tex)
(C:\Program Files\MiKTeX\tex/generic/pgf/math\pgfmathfunctions.basic.code.tex)
(C:\Program Files\MiKTeX\tex/generic/pgf/math\pgfmathfunctions.trigonometric.co
de.tex)
(C:\Program Files\MiKTeX\tex/generic/pgf/math\pgfmathfunctions.random.code.tex)

(C:\Program Files\MiKTeX\tex/generic/pgf/math\pgfmathfunctions.comparison.code.
tex)
(C:\Program Files\MiKTeX\tex/generic/pgf/math\pgfmathfunctions.base.code.tex)
(C:\Program Files\MiKTeX\tex/generic/pgf/math\pgfmathfunctions.round.code.tex)
(C:\Program Files\MiKTeX\tex/generic/pgf/math\pgfmathfunctions.misc.code.tex)
(C:\Program Files\MiKTeX\tex/generic/pgf/math\pgfmathfunctions.integerarithmeti
cs.code.tex) (C:\Program Files\MiKTeX\tex/generic/pgf/math\pgfmathcalc.code.tex
) (C:\Program Files\MiKTeX\tex/generic/pgf/math\pgfmathfloat.code.tex
\c@pgfmathroundto@lastzeros=\count304
))
(C:\Program Files\MiKTeX\tex/generic/pgf/math\pgfint.code.tex)
(C:\Program Files\MiKTeX\tex/generic/pgf/basiclayer\pgfcorepoints.code.tex
File: pgfcorepoints.code.tex 2025-08-29 v3.1.11a (3.1.11a)
\pgf@picminx=\dimen181
\pgf@picmaxx=\dimen182
\pgf@picminy=\dimen183
\pgf@picmaxy=\dimen184
\pgf@pathminx=\dimen185
\pgf@pathmaxx=\dimen186
\pgf@pathminy=\dimen187
\pgf@pathmaxy=\dimen188
\pgf@xx=\dimen189
\pgf@xy=\dimen190
\pgf@yx=\dimen191
\pgf@yy=\dimen192
\pgf@zx=\dimen193
\pgf@zy=\dimen194
)
(C:\Program Files\MiKTeX\tex/generic/pgf/basiclayer\pgfcorepathconstruct.code.t
ex
File: pgfcorepathconstruct.code.tex 2025-08-29 v3.1.11a (3.1.11a)
\pgf@path@lastx=\dimen195
\pgf@path@lasty=\dimen196
)
(C:\Program Files\MiKTeX\tex/generic/pgf/basiclayer\pgfcorepathusage.code.tex
File: pgfcorepathusage.code.tex 2025-08-29 v3.1.11a (3.1.11a)
\pgf@shorten@end@additional=\dimen197
\pgf@shorten@start@additional=\dimen198
)
(C:\Program Files\MiKTeX\tex/generic/pgf/basiclayer\pgfcorescopes.code.tex
File: pgfcorescopes.code.tex 2025-08-29 v3.1.11a (3.1.11a)
\pgfpic=\box55
\pgf@hbox=\box56
\pgf@layerbox@main=\box57
\pgf@picture@serial@count=\count305
)
(C:\Program Files\MiKTeX\tex/generic/pgf/basiclayer\pgfcoregraphicstate.code.te
x
File: pgfcoregraphicstate.code.tex 2025-08-29 v3.1.11a (3.1.11a)
\pgflinewidth=\dimen199
)
(C:\Program Files\MiKTeX\tex/generic/pgf/basiclayer\pgfcoretransformations.code
.tex
File: pgfcoretransformations.code.tex 2025-08-29 v3.1.11a (3.1.11a)
\pgf@pt@x=\dimen256
\pgf@pt@y=\dimen257
\pgf@pt@temp=\dimen258
) (C:\Program Files\MiKTeX\tex/generic/pgf/basiclayer\pgfcorequick.code.tex
File: pgfcorequick.code.tex 2025-08-29 v3.1.11a (3.1.11a)
) (C:\Program Files\MiKTeX\tex/generic/pgf/basiclayer\pgfcoreobjects.code.tex
File: pgfcoreobjects.code.tex 2025-08-29 v3.1.11a (3.1.11a)
)
(C:\Program Files\MiKTeX\tex/generic/pgf/basiclayer\pgfcorepathprocessing.code.
tex
File: pgfcorepathprocessing.code.tex 2025-08-29 v3.1.11a (3.1.11a)
) (C:\Program Files\MiKTeX\tex/generic/pgf/basiclayer\pgfcorearrows.code.tex
File: pgfcorearrows.code.tex 2025-08-29 v3.1.11a (3.1.11a)
\pgfarrowsep=\dimen259
) (C:\Program Files\MiKTeX\tex/generic/pgf/basiclayer\pgfcoreshade.code.tex
File: pgfcoreshade.code.tex 2025-08-29 v3.1.11a (3.1.11a)
\pgf@max=\dimen260
\pgf@sys@shading@range@num=\count306
\pgf@shadingcount=\count307
)
(C:\Program Files\MiKTeX\tex/generic/pgf/basiclayer\pgfcoreimage.code.tex
File: pgfcoreimage.code.tex 2025-08-29 v3.1.11a (3.1.11a)
)
(C:\Program Files\MiKTeX\tex/generic/pgf/basiclayer\pgfcoreexternal.code.tex
File: pgfcoreexternal.code.tex 2025-08-29 v3.1.11a (3.1.11a)
\pgfexternal@startupbox=\box58
)
(C:\Program Files\MiKTeX\tex/generic/pgf/basiclayer\pgfcorelayers.code.tex
File: pgfcorelayers.code.tex 2025-08-29 v3.1.11a (3.1.11a)
)
(C:\Program Files\MiKTeX\tex/generic/pgf/basiclayer\pgfcoretransparency.code.te
x
File: pgfcoretransparency.code.tex 2025-08-29 v3.1.11a (3.1.11a)
) (C:\Program Files\MiKTeX\tex/generic/pgf/basiclayer\pgfcorepatterns.code.tex
File: pgfcorepatterns.code.tex 2025-08-29 v3.1.11a (3.1.11a)
) (C:\Program Files\MiKTeX\tex/generic/pgf/basiclayer\pgfcorerdf.code.tex
File: pgfcorerdf.code.tex 2025-08-29 v3.1.11a (3.1.11a)
)))
(C:\Program Files\MiKTeX\tex/generic/pgf/modules\pgfmoduleshapes.code.tex
File: pgfmoduleshapes.code.tex 2025-08-29 v3.1.11a (3.1.11a)
\pgfnodeparttextbox=\box59
)
(C:\Program Files\MiKTeX\tex/generic/pgf/modules\pgfmoduleplot.code.tex
File: pgfmoduleplot.code.tex 2025-08-29 v3.1.11a (3.1.11a)
)
(C:\Program Files\MiKTeX\tex/latex/pgf/compatibility\pgfcomp-version-0-65.sty
Package: pgfcomp-version-0-65 2025-08-29 v3.1.11a (3.1.11a)
\pgf@nodesepstart=\dimen261
\pgf@nodesepend=\dimen262
)
(C:\Program Files\MiKTeX\tex/latex/pgf/compatibility\pgfcomp-version-1-18.sty
Package: pgfcomp-version-1-18 2025-08-29 v3.1.11a (3.1.11a)
)) (C:\Program Files\MiKTeX\tex/latex/pgf/utilities\pgffor.sty
(C:\Program Files\MiKTeX\tex/latex/pgf/utilities\pgfkeys.sty
(C:\Program Files\MiKTeX\tex/generic/pgf/utilities\pgfkeys.code.tex))
(C:\Program Files\MiKTeX\tex/latex/pgf/math\pgfmath.sty
(C:\Program Files\MiKTeX\tex/generic/pgf/math\pgfmath.code.tex))
(C:\Program Files\MiKTeX\tex/generic/pgf/utilities\pgffor.code.tex
Package: pgffor 2025-08-29 v3.1.11a (3.1.11a)
\pgffor@iter=\dimen263
\pgffor@skip=\dimen264
\pgffor@stack=\toks32
\pgffor@toks=\toks33
))
(C:\Program Files\MiKTeX\tex/generic/pgf/frontendlayer/tikz\tikz.code.tex
Package: tikz 2025-08-29 v3.1.11a (3.1.11a)

(C:\Program Files\MiKTeX\tex/generic/pgf/libraries\pgflibraryplothandlers.code.
tex
File: pgflibraryplothandlers.code.tex 2025-08-29 v3.1.11a (3.1.11a)
\pgf@plot@mark@count=\count308
\pgfplotmarksize=\dimen265
)
\tikz@lastx=\dimen266
\tikz@lasty=\dimen267
\tikz@lastxsaved=\dimen268
\tikz@lastysaved=\dimen269
\tikz@lastmovetox=\dimen270
\tikz@lastmovetoy=\dimen271
\tikzleveldistance=\dimen272
\tikzsiblingdistance=\dimen273
\tikz@figbox=\box60
\tikz@figbox@bg=\box61
\tikz@tempbox=\box62
\tikz@tempbox@bg=\box63
\tikztreelevel=\count309
\tikznumberofchildren=\count310
\tikznumberofcurrentchild=\count311
\tikz@fig@count=\count312
 (C:\Program Files\MiKTeX\tex/generic/pgf/modules\pgfmodulematrix.code.tex
File: pgfmodulematrix.code.tex 2025-08-29 v3.1.11a (3.1.11a)
\pgfmatrixcurrentrow=\count313
\pgfmatrixcurrentcolumn=\count314
\pgf@matrix@numberofcolumns=\count315
)
\tikz@expandcount=\count316

(C:\Program Files\MiKTeX\tex/generic/pgf/frontendlayer/tikz/libraries\tikzlibra
rytopaths.code.tex
File: tikzlibrarytopaths.code.tex 2025-08-29 v3.1.11a (3.1.11a)
)))
(C:\Users\dridi\AppData\Roaming\MiKTeX\tex/latex/float\float.sty
Package: float 2001/11/08 v1.3d Float enhancements (AL)
\c@float@type=\count317
\float@exts=\toks34
\float@box=\box64
\@float@everytoks=\toks35
\@floatcapt=\box65
)
(C:\Program Files\MiKTeX\tex/latex/tools\array.sty
Package: array 2025/09/25 v2.6n Tabular extension package (FMi)
\col@sep=\dimen274
\ar@mcellbox=\box66
\extrarowheight=\dimen275
\NC@list=\toks36
\extratabsurround=\skip54
\backup@length=\skip55
\ar@cellbox=\box67
)
(C:\Program Files\MiKTeX\tex/latex/tools\tabularx.sty
Package: tabularx 2023/12/11 v2.12a `tabularx' package (DPC)
\TX@col@width=\dimen276
\TX@old@table=\dimen277
\TX@old@col=\dimen278
\TX@target=\dimen279
\TX@delta=\dimen280
\TX@cols=\count318
\TX@ftn=\toks37
)
(C:\Users\dridi\AppData\Roaming\MiKTeX\tex/latex/multirow\multirow.sty
Package: multirow 2024/11/12 v2.9 Span multiple rows of a table
\multirow@colwidth=\skip56
\multirow@cntb=\count319
\multirow@dima=\skip57
\bigstrutjot=\dimen281
)
(C:\Program Files\MiKTeX\tex/latex/url\url.sty
\Urlmuskip=\muskip17
Package: url 2013/09/16  ver 3.4  Verb mode for urls, etc.
)
(C:\Users\dridi\AppData\Roaming\MiKTeX\tex/latex/enumitem\enumitem.sty
Package: enumitem 2025/02/06 v3.11 Customized lists
\labelindent=\skip58
\enit@outerparindent=\dimen282
\enit@toks=\toks38
\enit@inbox=\box68
\enit@count@id=\count320
\enitdp@description=\count321
)
(C:\Users\dridi\AppData\Roaming\MiKTeX\tex/latex/csquotes\csquotes.sty
Package: csquotes 2026-05-19 v5.2p context-sensitive quotations (JAW)

(C:\Program Files\MiKTeX\tex/latex/etoolbox\etoolbox.sty
Package: etoolbox 2025/10/02 v2.5m e-TeX tools for LaTeX (JAW)
\etb@tempcnta=\count322
)
\csq@reset=\count323
\csq@gtype=\count324
\csq@glevel=\count325
\csq@qlevel=\count326
\csq@maxlvl=\count327
\csq@tshold=\count328
\csq@ltx@everypar=\toks39

(C:\Users\dridi\AppData\Roaming\MiKTeX\tex/latex/csquotes\csquotes.def
File: csquotes.def 2026-05-19 v5.2p csquotes generic definitions (JAW)
)
Package csquotes Info: Trying to load configuration file 'csquotes.cfg'...
Package csquotes Info: ... configuration file loaded successfully.

(C:\Users\dridi\AppData\Roaming\MiKTeX\tex/latex/csquotes\csquotes.cfg
File: csquotes.cfg 
))
(C:\Program Files\MiKTeX\tex/latex/tcolorbox\tcolorbox.sty
Package: tcolorbox 2025/11/28 version 6.9.0 text color boxes

(C:\Program Files\MiKTeX\tex/latex/tools\verbatim.sty
Package: verbatim 2024-01-22 v1.5x LaTeX2e package for verbatim enhancements
\every@verbatim=\toks40
\verbatim@line=\toks41
\verbatim@in@stream=\read4
)
(C:\Program Files\MiKTeX\tex/latex/environ\environ.sty
Package: environ 2014/05/04 v0.3 A new way to define environments

(C:\Program Files\MiKTeX\tex/latex/trimspaces\trimspaces.sty
Package: trimspaces 2009/09/17 v1.1 Trim spaces around a token list
)
\@envbody=\toks42
)
\tcb@titlebox=\box69
\tcb@upperbox=\box70
\tcb@lowerbox=\box71
\tcb@phantombox=\box72
\c@tcbbreakpart=\count329
\c@tcblayer=\count330
\c@tcolorbox@number=\count331
\l__tcobox_tmpa_box=\box73
\l__tcobox_tmpa_dim=\dimen283
\tcb@temp=\box74
\tcb@temp=\box75
\tcb@temp=\box76
\tcb@temp=\box77

(C:\Program Files\MiKTeX\tex/latex/tcolorbox\tcbraster.code.tex
Library (tcolorbox): 'tcbraster.code.tex' version '6.9.0'
\c@tcbrastercolumn=\count332
\c@tcbrasterrow=\count333
\c@tcbrasternum=\count334
\c@tcbraster=\count335
) (C:\Program Files\MiKTeX\tex/latex/tcolorbox\tcbskins.code.tex
Library (tcolorbox): 'tcbskins.code.tex' version '6.9.0'
(C:\Users\dridi\AppData\Roaming\MiKTeX\tex/latex/tikzfill\tikzfill.image.sty
Package: tikzfill.image 2026/04/23 v1.2.0 Image filling library for TikZ

(C:\Users\dridi\AppData\Roaming\MiKTeX\tex/latex/tikzfill\tikzlibraryfill.image
.code.tex
File: tikzlibraryfill.image.code.tex 2026/04/23 v1.2.0 Image filling library
\l__tikzfill_tmpa_dim=\dimen284
\l__tikzfill_tmpb_dim=\dimen285
\l__tikzfill_img_box=\box78
))
(C:\Program Files\MiKTeX\tex/latex/tcolorbox\tcbskinsjigsaw.code.tex
Library (tcolorbox): 'tcbskinsjigsaw.code.tex' version '6.9.0'
)) (C:\Program Files\MiKTeX\tex/latex/tcolorbox\tcbbreakable.code.tex
Library (tcolorbox): 'tcbbreakable.code.tex' version '6.9.0'
(C:\Users\dridi\AppData\Roaming\MiKTeX\tex/latex/pdfcol\pdfcol.sty
Package: pdfcol 2022-09-21 v1.7 Handle new color stacks for pdfTeX (HO)

(C:\Users\dridi\AppData\Roaming\MiKTeX\tex/generic/ltxcmds\ltxcmds.sty
Package: ltxcmds 2023-12-04 v1.26 LaTeX kernel commands for general use (HO)
)
(C:\Users\dridi\AppData\Roaming\MiKTeX\tex/generic/infwarerr\infwarerr.sty
Package: infwarerr 2019/12/03 v1.5 Providing info/warning/error messages (HO)
))
Package pdfcol Info: New color stack `tcb@breakable' = 1 on input line 23.
\tcb@testbox=\box79
\tcb@totalupperbox=\box80
\tcb@totallowerbox=\box81
)
(C:\Program Files\MiKTeX\tex/latex/tcolorbox\tcbhooks.code.tex
Library (tcolorbox): 'tcbhooks.code.tex' version '6.9.0'
) (C:\Program Files\MiKTeX\tex/latex/tcolorbox\tcbtheorems.code.tex
Library (tcolorbox): 'tcbtheorems.code.tex' version '6.9.0'
(C:\Program Files\MiKTeX\tex/latex/amsmath\amsmath.sty
Package: amsmath 2025/07/09 v2.17z AMS math features
\@mathmargin=\skip59

For additional information on amsmath, use the `?' option.
(C:\Program Files\MiKTeX\tex/latex/amsmath\amstext.sty
Package: amstext 2024/11/17 v2.01 AMS text

(C:\Program Files\MiKTeX\tex/latex/amsmath\amsgen.sty
File: amsgen.sty 1999/11/30 v2.0 generic functions
\@emptytoks=\toks43
\ex@=\dimen286
))
(C:\Program Files\MiKTeX\tex/latex/amsmath\amsbsy.sty
Package: amsbsy 1999/11/29 v1.2d Bold Symbols
\pmbraise@=\dimen287
)
(C:\Program Files\MiKTeX\tex/latex/amsmath\amsopn.sty
Package: amsopn 2022/04/08 v2.04 operator names
)
\inf@bad=\count336
LaTeX Info: Redefining \frac on input line 233.
\uproot@=\count337
\leftroot@=\count338
LaTeX Info: Redefining \overline on input line 398.
LaTeX Info: Redefining \colon on input line 409.
\classnum@=\count339
\DOTSCASE@=\count340
LaTeX Info: Redefining \ldots on input line 495.
LaTeX Info: Redefining \dots on input line 498.
LaTeX Info: Redefining \cdots on input line 619.
\Mathstrutbox@=\box82
\strutbox@=\box83
LaTeX Info: Redefining \big on input line 721.
LaTeX Info: Redefining \Big on input line 722.
LaTeX Info: Redefining \bigg on input line 723.
LaTeX Info: Redefining \Bigg on input line 724.
\big@size=\dimen288
LaTeX Font Info:    Redeclaring font encoding OML on input line 742.
LaTeX Font Info:    Redeclaring font encoding OMS on input line 743.
\macc@depth=\count341
LaTeX Info: Redefining \bmod on input line 904.
LaTeX Info: Redefining \pmod on input line 909.
LaTeX Info: Redefining \smash on input line 939.
LaTeX Info: Redefining \relbar on input line 969.
LaTeX Info: Redefining \Relbar on input line 970.
\c@MaxMatrixCols=\count342
\dotsspace@=\muskip18
\c@parentequation=\count343
\dspbrk@lvl=\count344
\tag@help=\toks44
\row@=\count345
\column@=\count346
\maxfields@=\count347
\andhelp@=\toks45
\eqnshift@=\dimen289
\alignsep@=\dimen290
\tagshift@=\dimen291
\tagwidth@=\dimen292
\totwidth@=\dimen293
\lineht@=\dimen294
\@envbody=\toks46
\multlinegap=\skip60
\multlinetaggap=\skip61
\mathdisplay@stack=\toks47
LaTeX Info: Redefining \[ on input line 2950.
LaTeX Info: Redefining \] on input line 2951.
))
(C:\Program Files\MiKTeX\tex/latex/tcolorbox\tcbfitting.code.tex
Library (tcolorbox): 'tcbfitting.code.tex' version '6.9.0'
\tcbfitdim=\dimen295
\tcb@lowerfitdim=\dimen296
\tcb@upperfitdim=\dimen297
\tcb@cur@hbadness=\count348
) (C:\Program Files\MiKTeX\tex/latex/tcolorbox\tcblistingsutf8.code.tex
Library (tcolorbox): 'tcblistingsutf8.code.tex' version '6.9.0'
(C:\Program Files\MiKTeX\tex/latex/tcolorbox\tcblistings.code.tex
Library (tcolorbox): 'tcblistings.code.tex' version '6.9.0'
(C:\Program Files\MiKTeX\tex/latex/listings\listings.sty
\lst@mode=\count349
\lst@gtempboxa=\box84
\lst@token=\toks48
\lst@length=\count350
\lst@currlwidth=\dimen298
\lst@column=\count351
\lst@pos=\count352
\lst@lostspace=\dimen299
\lst@width=\dimen300
\lst@newlines=\count353
\lst@lineno=\count354
\lst@maxwidth=\dimen301

(C:\Program Files\MiKTeX\tex/latex/listings\lstpatch.sty
File: lstpatch.sty 2025/11/14 1.11b (Carsten Heinz)
)
(C:\Program Files\MiKTeX\tex/latex/listings\lstmisc.sty
File: lstmisc.sty 2025/11/14 1.11b (Carsten Heinz)
\c@lstnumber=\count355
\lst@skipnumbers=\count356
\lst@framebox=\box85
)
(C:\Program Files\MiKTeX\tex/latex/listings\listings.cfg
File: listings.cfg 2025/11/14 1.11b listings configuration
))
Package: listings 2025/11/14 1.11b (Carsten Heinz)

==> First Aid for listings.sty no longer applied!
    Expected:
        2024/09/23 1.10c (Carsten Heinz)
    but found:
        2025/11/14 1.11b (Carsten Heinz)
    so I'm assuming it got fixed.
(C:\Program Files\MiKTeX\tex/latex/tcolorbox\tcblistingscore.code.tex
Library (tcolorbox): 'tcblistingscore.code.tex' version '6.9.0'
(C:\Program Files\MiKTeX\tex/latex/tcolorbox\tcbprocessing.code.tex
Library (tcolorbox): 'tcbprocessing.code.tex' version '6.9.0'
)
\c@tcblisting=\count357
))
(C:\Users\dridi\AppData\Roaming\MiKTeX\tex/latex/listingsutf8\listingsutf8.sty
Package: listingsutf8 2019-12-10 v1.5 Allow UTF-8 in listings input (HO)

(C:\Program Files\MiKTeX\tex/generic/pdftexcmds\pdftexcmds.sty
Package: pdftexcmds 2020-06-27 v0.33 Utility functions of pdfTeX for LuaTeX (HO
)
Package pdftexcmds Info: \pdf@primitive is available.
Package pdftexcmds Info: \pdf@ifprimitive is available.
Package pdftexcmds Info: \pdfdraftmode found.
)
(C:\Users\dridi\AppData\Roaming\MiKTeX\tex/generic/stringenc\stringenc.sty
Package: stringenc 2019/11/29 v1.12 Convert strings between diff. encodings (HO
)

(C:\Users\dridi\AppData\Roaming\MiKTeX\tex/generic/pdfescape\pdfescape.sty
Package: pdfescape 2019/12/09 v1.15 Implements pdfTeX's escape features (HO)
))))
(C:\Program Files\MiKTeX\tex/latex/tcolorbox\tcbexternal.code.tex
Library (tcolorbox): 'tcbexternal.code.tex' version '6.9.0'
) (C:\Program Files\MiKTeX\tex/latex/tcolorbox\tcbmagazine.code.tex
Library (tcolorbox): 'tcbmagazine.code.tex' version '6.9.0'
) (C:\Program Files\MiKTeX\tex/latex/tcolorbox\tcbvignette.code.tex
Library (tcolorbox): 'tcbvignette.code.tex' version '6.9.0'

(C:\Program Files\MiKTeX\tex/generic/pgf/frontendlayer/tikz/libraries\tikzlibra
ryfadings.code.tex
File: tikzlibraryfadings.code.tex 2025-08-29 v3.1.11a (3.1.11a)

(C:\Program Files\MiKTeX\tex/generic/pgf/libraries\pgflibraryfadings.code.tex
File: pgflibraryfadings.code.tex 2025-08-29 v3.1.11a (3.1.11a)
))) (C:\Program Files\MiKTeX\tex/latex/tcolorbox\tcbposter.code.tex
Library (tcolorbox): 'tcbposter.code.tex' version '6.9.0'
)) (C:\Program Files\MiKTeX\tex/latex/hyperref\hyperref.sty
Package: hyperref 2025-07-12 v7.01o Hypertext links for LaTeX

(C:\Users\dridi\AppData\Roaming\MiKTeX\tex/latex/kvsetkeys\kvsetkeys.sty
Package: kvsetkeys 2022-10-05 v1.19 Key value parser (HO)
)
(C:\Users\dridi\AppData\Roaming\MiKTeX\tex/generic/kvdefinekeys\kvdefinekeys.st
y
Package: kvdefinekeys 2019-12-19 v1.6 Define keys (HO)
) (C:\Users\dridi\AppData\Roaming\MiKTeX\tex/latex/hycolor\hycolor.sty
Package: hycolor 2020-01-27 v1.10 Color options for hyperref/bookmark (HO)
)
(C:\Program Files\MiKTeX\tex/latex/hyperref\nameref.sty
Package: nameref 2025-06-21 v2.57 Cross-referencing by name of section

(C:\Users\dridi\AppData\Roaming\MiKTeX\tex/latex/refcount\refcount.sty
Package: refcount 2019/12/15 v3.6 Data extraction from label references (HO)
)
(C:\Users\dridi\AppData\Roaming\MiKTeX\tex/generic/gettitlestring\gettitlestrin
g.sty
Package: gettitlestring 2019/12/15 v1.6 Cleanup title references (HO)
 (C:\Users\dridi\AppData\Roaming\MiKTeX\tex/latex/kvoptions\kvoptions.sty
Package: kvoptions 2022-06-15 v3.15 Key value format for package options (HO)
))
\c@section@level=\count358
)
\@linkdim=\dimen302
\Hy@linkcounter=\count359
\Hy@pagecounter=\count360
 (C:\Program Files\MiKTeX\tex/latex/hyperref\pd1enc.def
File: pd1enc.def 2025-07-12 v7.01o Hyperref: PDFDocEncoding definition (HO)
Now handling font encoding PD1 ...
... no UTF-8 mapping file for font encoding PD1
)
(C:\Users\dridi\AppData\Roaming\MiKTeX\tex/generic/intcalc\intcalc.sty
Package: intcalc 2019/12/15 v1.3 Expandable calculations with integers (HO)
)
\Hy@SavedSpaceFactor=\count361

(C:\Program Files\MiKTeX\tex/latex/hyperref\puenc.def
File: puenc.def 2025-07-12 v7.01o Hyperref: PDF Unicode definition (HO)
Now handling font encoding PU ...
... no UTF-8 mapping file for font encoding PU
)
Package hyperref Info: Hyper figures OFF on input line 4195.
Package hyperref Info: Link nesting OFF on input line 4200.
Package hyperref Info: Hyper index ON on input line 4203.
Package hyperref Info: Plain pages OFF on input line 4210.
Package hyperref Info: Backreferencing OFF on input line 4215.
Package hyperref Info: Implicit mode ON; LaTeX internals redefined.
Package hyperref Info: Bookmarks ON on input line 4462.
\c@Hy@tempcnt=\count362
LaTeX Info: Redefining \url on input line 4801.
\XeTeXLinkMargin=\dimen303

(C:\Users\dridi\AppData\Roaming\MiKTeX\tex/generic/bitset\bitset.sty
Package: bitset 2019/12/09 v1.3 Handle bit-vector datatype (HO)

(C:\Users\dridi\AppData\Roaming\MiKTeX\tex/generic/bigintcalc\bigintcalc.sty
Package: bigintcalc 2019/12/15 v1.5 Expandable calculations on big integers (HO
)
))
\Fld@menulength=\count363
\Field@Width=\dimen304
\Fld@charsize=\dimen305
Package hyperref Info: Hyper figures OFF on input line 6078.
Package hyperref Info: Link nesting OFF on input line 6083.
Package hyperref Info: Hyper index ON on input line 6086.
Package hyperref Info: backreferencing OFF on input line 6093.
Package hyperref Info: Link coloring OFF on input line 6098.
Package hyperref Info: Link coloring with OCG OFF on input line 6103.
Package hyperref Info: PDF/A mode OFF on input line 6108.
\Hy@abspage=\count364
\c@Item=\count365
\c@Hfootnote=\count366
)
Package hyperref Info: Driver (autodetected): hpdftex.
(C:\Program Files\MiKTeX\tex/latex/hyperref\hpdftex.def
File: hpdftex.def 2025-07-12 v7.01o Hyperref driver for pdfTeX
\Fld@listcount=\count367
\c@bookmark@seq@number=\count368

(C:\Users\dridi\AppData\Roaming\MiKTeX\tex/latex/rerunfilecheck\rerunfilecheck.
sty
Package: rerunfilecheck 2025-06-21 v1.11 Rerun checks for auxiliary files (HO)

(C:\Users\dridi\AppData\Roaming\MiKTeX\tex/generic/uniquecounter\uniquecounter.
sty
Package: uniquecounter 2019/12/15 v1.4 Provide unlimited unique counter (HO)
)
Package uniquecounter Info: New unique counter `rerunfilecheck' on input line 2
84.
)
\Hy@SectionHShift=\skip62
) (C:\Users\dridi\AppData\Roaming\MiKTeX\tex/latex/minitoc\minitoc.sty
Package: minitoc 2018/07/12 v62 Package minitoc

(C:\Users\dridi\AppData\Roaming\MiKTeX\tex/latex/minitoc\mtcmess.sty
Package: mtcmess 2006/03/14
)
Package minitoc Info: I0001
(minitoc)             *** minitoc package, version 62 ***.
\tf@mtc=\write4
\mtcindent=\skip63
\mtcskipamount=\skip64
Package minitoc Info: I0005
(minitoc)             compatible with hyperref.
Package minitoc Info: I0023
(minitoc)             part level macros available.
Package minitoc Info: I0003
(minitoc)             chapter level macros available.
\mtc@toks=\toks49
\mtc@strutbox=\box86
\mtc@hstrutbox=\box87
Package minitoc Info: I0002
(minitoc)             Autoconfiguration of extensions.
\openout4 = `main.mtc0'.

\openout4 = `main.mtc'.


(main.mtc0)
Package minitoc Info: I0012
(minitoc)             Long extensions (Unix-like) will be used.
Package minitoc Info: I0031
(minitoc)             ==> this version is configured for UNIX-like 
(minitoc)                 (long extensions) file names.
\openout4 = `main.mtc'.

\openout4 = `main.mtc0'.

\c@mtc=\count369
\c@minitocdepth=\count370
\c@ptc=\count371
\c@parttocdepth=\count372
\ptcindent=\skip65
Package minitoc Info: I0010
(minitoc)             The english language is selected.
(minitoc)              on input line 4910.

(C:\Users\dridi\AppData\Roaming\MiKTeX\tex/latex/minitoc\english.mld
File: english.mld 2006/01/13
)
(C:\Users\dridi\AppData\Roaming\MiKTeX\tex/latex/minitoc\english.mld
File: english.mld 2006/01/13
))
Package minitoc Info: I0024
(minitoc)             PREPARING MINITOCS FROM main.toc on input line 52.

{\reset@font\mtcSfont\mtc@string\contentsline{section}{\noexpand \leavevmode \t
extbf {Liste des acronymes} }{\reset@font\mtcSfont 2}{chapter*.3}}
Package minitoc Info: I0033
(minitoc)             Writing main.mtc1.
\openout4 = `main.mtc1'.

Package minitoc Info: I0033
(minitoc)             Writing main.mtc2.
\openout4 = `main.mtc2'.

Package minitoc Info: I0033
(minitoc)             Writing main.mtc3.
\openout4 = `main.mtc3'.

Package minitoc Info: I0033
(minitoc)             Writing main.mtc4.
\openout4 = `main.mtc4'.

\openout4 = `main.mtc'.

Package minitoc Info: I0033
(minitoc)             Writing main.mtc5.
\openout4 = `main.mtc5'.

Package minitoc Info: I0033
(minitoc)             Writing main.mtc6.
\openout4 = `main.mtc6'.

Package french3.ldf Info: Setting StandardItemizeEnv=true for
(french3.ldf)             compatibility with enumitem package,
(french3.ldf)             reported on input line 58.
Package french3.ldf Info: Setting StandardEnumerateEnv=true for
(french3.ldf)             compatibility with enumitem package,
(french3.ldf)             reported on input line 58.
Package csquotes Info: Checking for multilingual support...
Package csquotes Info: ... found 'babel' package.
Package csquotes Info: Adjusting default style.
Package csquotes Info: Redefining alias 'default' -> 'french'.
LaTeX Font Info:    Trying to load font information for T1+ptm on input line 58
.
(C:\Users\dridi\AppData\Roaming\MiKTeX\tex/latex/psnfss\t1ptm.fd
File: t1ptm.fd 2001/06/04 font definitions for T1/ptm.
)
(C:\Program Files\MiKTeX\tex/latex/l3backend\l3backend-pdftex.def
File: l3backend-pdftex.def 2025-10-09 L3 backend support: PDF output (pdfTeX)
\l__color_backend_stack_int=\count373
) (main.aux
Package babel Info: 'french' activates 'french' shorthands.
(babel)             Reported on input line 25.
)
\openout1 = `main.aux'.

LaTeX Font Info:    Checking defaults for OML/cmm/m/it on input line 58.
LaTeX Font Info:    ... okay on input line 58.
LaTeX Font Info:    Checking defaults for OMS/cmsy/m/n on input line 58.
LaTeX Font Info:    ... okay on input line 58.
LaTeX Font Info:    Checking defaults for OT1/cmr/m/n on input line 58.
LaTeX Font Info:    ... okay on input line 58.
LaTeX Font Info:    Checking defaults for T1/cmr/m/n on input line 58.
LaTeX Font Info:    ... okay on input line 58.
LaTeX Font Info:    Checking defaults for TS1/cmr/m/n on input line 58.
LaTeX Font Info:    ... okay on input line 58.
LaTeX Font Info:    Checking defaults for OMX/cmex/m/n on input line 58.
LaTeX Font Info:    ... okay on input line 58.
LaTeX Font Info:    Checking defaults for U/cmr/m/n on input line 58.
LaTeX Font Info:    ... okay on input line 58.
LaTeX Font Info:    Checking defaults for PD1/pdf/m/n on input line 58.
LaTeX Font Info:    ... okay on input line 58.
LaTeX Font Info:    Checking defaults for PU/pdf/m/n on input line 58.
LaTeX Font Info:    ... okay on input line 58.
LaTeX Info: Redefining \degres on input line 58.

(C:\Program Files\MiKTeX\tex/context/base/mkii\supp-pdf.mkii
[Loading MPS to PDF converter (version 2006.09.02).]
\scratchcounter=\count374
\scratchdimen=\dimen306
\scratchbox=\box88
\nofMPsegments=\count375
\nofMParguments=\count376
\everyMPshowfont=\toks50
\MPscratchCnt=\count377
\MPscratchDim=\dimen307
\MPnumerator=\count378
\makeMPintoPDFobject=\count379
\everyMPtoPDFconversion=\toks51
) (C:\Program Files\MiKTeX\tex/latex/epstopdf-pkg\epstopdf-base.sty
Package: epstopdf-base 2020-01-24 v2.11 Base part for package epstopdf

(C:\Users\dridi\AppData\Roaming\MiKTeX\tex/latex/grfext\grfext.sty
Package: grfext 2019/12/03 v1.3 Manage graphics extensions (HO)
)
Package epstopdf-base Info: Redefining graphics rule for `.eps' on input line 4
85.
Package grfext Info: Graphics extension search list:
(grfext)             [.pdf,.png,.jpg,.mps,.jpeg,.jbig2,.jb2,.PDF,.PNG,.JPG,.JPE
G,.JBIG2,.JB2,.eps]
(grfext)             \AppendGraphicsExtensions on input line 504.

(C:\Program Files\MiKTeX\tex/latex/00miktex\epstopdf-sys.cfg
File: epstopdf-sys.cfg 2021/03/18 v2.0 Configuration of epstopdf for MiKTeX
))
*geometry* driver: auto-detecting
*geometry* detected driver: pdftex
*geometry* verbose mode - [ preamble ] result:
* driver: pdftex
* paper: <default>
* layout: <same size as paper>
* layoutoffset:(h,v)=(0.0pt,0.0pt)
* modes: 
* h-part:(L,W,R)=(71.13188pt, 472.03123pt, 71.13188pt)
* v-part:(T,H,B)=(71.13188pt, 652.70622pt, 71.13188pt)
* \paperwidth=614.295pt
* \paperheight=794.96999pt
* \textwidth=472.03123pt
* \textheight=652.70622pt
* \oddsidemargin=-1.1381pt
* \evensidemargin=-1.1381pt
* \topmargin=-38.1381pt
* \headheight=12.0pt
* \headsep=25.0pt
* \topskip=11.0pt
* \footskip=30.0pt
* \marginparwidth=59.0pt
* \marginparsep=10.0pt
* \columnsep=10.0pt
* \skip\footins=10.0pt plus 4.0pt minus 2.0pt
* \hoffset=0.0pt
* \voffset=0.0pt
* \mag=1000
* \@twocolumnfalse
* \@twosidefalse
* \@mparswitchfalse
* \@reversemarginfalse
* (1in=72.27pt=25.4mm, 1cm=28.453pt)

\c@lstlisting=\count380
Package hyperref Info: Link coloring OFF on input line 58.
(main.out) (main.out)
\@outlinefile=\write5
\openout5 = `main.out'.

 (cover/pagedegarde.tex
<logos/logo-ISIS-horizontal-RVB-HD.png, id=262, 2371.86125pt x 1304.875pt>
File: logos/logo-ISIS-horizontal-RVB-HD.png Graphic file (type png)
<use logos/logo-ISIS-horizontal-RVB-HD.png>
Package pdftex.def Info: logos/logo-ISIS-horizontal-RVB-HD.png  used on input l
ine 6.
(pdftex.def)             Requested size: 119.50148pt x 65.72542pt.
<logos/Logo_Pierre_Fabre_67a4d7cd39e89ab3a67a7c3e41ea3d7d.png.jpg, id=264, 1023
.825pt x 329.23pt>
File: logos/Logo_Pierre_Fabre_67a4d7cd39e89ab3a67a7c3e41ea3d7d.png.jpg Graphic 
file (type jpg)
<use logos/Logo_Pierre_Fabre_67a4d7cd39e89ab3a67a7c3e41ea3d7d.png.jpg>
Package pdftex.def Info: logos/Logo_Pierre_Fabre_67a4d7cd39e89ab3a67a7c3e41ea3d
7d.png.jpg  used on input line 11.
(pdftex.def)             Requested size: 156.49014pt x 50.32178pt.
 [1

{C:/Users/dridi/AppData/Local/MiKTeX/fonts/map/pdftex/pdftex.map}{C:/Program Fi
les/MiKTeX/fonts/enc/dvips/base/8r.enc} <./logos/logo-ISIS-horizontal-RVB-HD.pn
g> <./logos/Logo_Pierre_Fabre_67a4d7cd39e89ab3a67a7c3e41ea3d7d.png.jpg>]) (chap
ters/maitre_de_stage.tex
File: logos/logo-ISIS-horizontal-RVB-HD.png Graphic file (type png)
<use logos/logo-ISIS-horizontal-RVB-HD.png>
Package pdftex.def Info: logos/logo-ISIS-horizontal-RVB-HD.png  used on input l
ine 8.
(pdftex.def)             Requested size: 113.81102pt x 62.59944pt.
LaTeX Font Info:    Trying to load font information for OT1+ztmcm on input line
 9.

(C:\Users\dridi\AppData\Roaming\MiKTeX\tex/latex/psnfss\ot1ztmcm.fd
File: ot1ztmcm.fd 2000/01/03 Fontinst v1.801 font definitions for OT1/ztmcm.
)
LaTeX Font Info:    Trying to load font information for OML+ztmcm on input line
 9.

(C:\Users\dridi\AppData\Roaming\MiKTeX\tex/latex/psnfss\omlztmcm.fd
File: omlztmcm.fd 2000/01/03 Fontinst v1.801 font definitions for OML/ztmcm.
)
LaTeX Font Info:    Trying to load font information for OMS+ztmcm on input line
 9.

(C:\Users\dridi\AppData\Roaming\MiKTeX\tex/latex/psnfss\omsztmcm.fd
File: omsztmcm.fd 2000/01/03 Fontinst v1.801 font definitions for OMS/ztmcm.
)
LaTeX Font Info:    Trying to load font information for OMX+ztmcm on input line
 9.

(C:\Users\dridi\AppData\Roaming\MiKTeX\tex/latex/psnfss\omxztmcm.fd
File: omxztmcm.fd 2000/01/03 Fontinst v1.801 font definitions for OMX/ztmcm.
)
LaTeX Font Info:    Trying to load font information for OT1+ptm on input line 9
.

(C:\Users\dridi\AppData\Roaming\MiKTeX\tex/latex/psnfss\ot1ptm.fd
File: ot1ptm.fd 2001/06/04 font definitions for OT1/ptm.
)
LaTeX Font Info:    Font shape `OT1/ptm/bx/n' in size <10.95> not available
(Font)              Font shape `OT1/ptm/b/n' tried instead on input line 9.
LaTeX Font Info:    Font shape `OT1/ptm/bx/n' in size <8> not available
(Font)              Font shape `OT1/ptm/b/n' tried instead on input line 9.
LaTeX Font Info:    Font shape `OT1/ptm/bx/n' in size <6> not available
(Font)              Font shape `OT1/ptm/b/n' tried instead on input line 9.

Overfull \hbox (14.05063pt too wide) in paragraph at lines 7--15
[]$[]$  $[]$ 
 []

[1


]) (frontmatter/Resume.tex
pdfTeX warning (ext4): destination with the same identifier (name{page.i}) has 
been already used, duplicate ignored
<to be read again> 
                   \relax 
l.28 \end{titlepage}
                     [1

]) (main.toc
pdfTeX warning (ext4): destination with the same identifier (name{page.i}) has 
been already used, duplicate ignored
<to be read again> 
                   \relax 
l.31 ...lles et techniques }{28}{subsection.2.5.3}
                                                  % [1

])
\tf@toc=\write6
\openout6 = `main.toc'.

 [2] (main.lof [3

])
\tf@lof=\write7
\openout7 = `main.lof'.


(frontmatter/Glossaire.tex
pdfTeX warning (ext4): destination with the same identifier (name{page.1}) has 
been already used, duplicate ignored
<to be read again> 
                   \relax 
l.1 \chapter
            *{Liste des acronymes} [1]) (chapters/introduction.tex [2

]
Overfull \hbox (2.03334pt too wide) in paragraph at lines 4--13
[]\T1/ptm/m/n/10.95 Dans l'in-dus-trie phar-ma-ceu-tique et dermo-cosm�tique, l
a qua-lit� n'est pas un ob-jec-tif parmi d'autres :
 []

) (chapters/chapitre1.tex [3

] [4]
Chapitre 1.
\openout4 = `main.mtc'.

\openout4 = `main.mtc'.

LaTeX Font Info:    Font shape `OT1/ptm/bx/n' in size <10> not available
(Font)              Font shape `OT1/ptm/b/n' tried instead on input line 3.
LaTeX Font Info:    Font shape `OT1/ptm/bx/n' in size <7.4> not available
(Font)              Font shape `OT1/ptm/b/n' tried instead on input line 3.
(main.mtc3) [5

] [6] [7]
<cover/figures/archii_avant_apres.png, id=474, 1541.76pt x 913.4125pt>
File: cover/figures/archii_avant_apres.png Graphic file (type png)
<use cover/figures/archii_avant_apres.png>
Package pdftex.def Info: cover/figures/archii_avant_apres.png  used on input li
ne 125.
(pdftex.def)             Requested size: 454.43123pt x 269.2174pt.
 [8] [9 <./cover/figures/archii_avant_apres.png (PNG copy)>] [10]) (chapters/ch
apitre2.tex [11]
Chapitre 2.
Package minitoc Info: I0006
(minitoc)             main.mtc4 is empty on input line 3.
[12

]
<cover/figures/processusde_maîtrise_des_Tierces.jpg, id=498, 2409.0pt x 448.67
625pt>
File: cover/figures/processusde_maîtrise_des_Tierces.jpg Graphic file (type jp
g)
<use cover/figures/processusde_maîtrise_des_Tierces.jpg>
Package pdftex.def Info: cover/figures/processusde_maîtrise_des_Tierces.jpg  u
sed on input line 49.
(pdftex.def)             Requested size: 465.23125pt x 86.646pt.
 [13 <./cover/figures/processusde_maîtrise_des_Tierces.jpg>]
<cover/figures/Périmètre_du_projet_IPANEMA_v2.jpg, id=504, 1027.84pt x 494.84
875pt>
File: cover/figures/Périmètre_du_projet_IPANEMA_v2.jpg Graphic file (type jpg
)
<use cover/figures/Périmètre_du_projet_IPANEMA_v2.jpg>
Package pdftex.def Info: cover/figures/Périmètre_du_projet_IPANEMA_v2.jpg  us
ed on input line 82.
(pdftex.def)             Requested size: 465.23125pt x 223.98616pt.
 [14 <./cover/figures/Périmètre_du_projet_IPANEMA_v2.jpg>]
<cover/figures/useripanema.png, id=509, 1090.0725pt x 623.32875pt>
File: cover/figures/useripanema.png Graphic file (type png)
<use cover/figures/useripanema.png>
Package pdftex.def Info: cover/figures/useripanema.png  used on input line 142.

(pdftex.def)             Requested size: 401.22942pt x 229.42961pt.
 [15 <./cover/figures/useripanema.png>]
<cover/figures/Processus_d’évaluation_d’une_Tierce_Partie1.png, id=515, 10
90.0725pt x 465.23813pt>
File: cover/figures/Processus_d’évaluation_d’une_Tierce_Partie1.png Graphi
c file (type png)
<use cover/figures/Processus_d’évaluation_d’une_Tierce_Partie1.png>
Package pdftex.def Info: cover/figures/Processus_d’évaluation_d’une_Tierce
_Partie1.png  used on input line 171.
(pdftex.def)             Requested size: 401.22942pt x 171.24094pt.
<cover/figures/Processus_d’évaluation_d’une_Tierce_Partie2.png, id=516, 10
90.0725pt x 1453.43pt>
File: cover/figures/Processus_d’évaluation_d’une_Tierce_Partie2.png Graphi
c file (type png)
<use cover/figures/Processus_d’évaluation_d’une_Tierce_Partie2.png>
Package pdftex.def Info: cover/figures/Processus_d’évaluation_d’une_Tierce
_Partie2.png  used on input line 178.
(pdftex.def)             Requested size: 401.22942pt x 534.96631pt.
 [16 <./cover/figures/Processus_d’évaluation_d’une_Tierce_Partie1.png>]
Underfull \hbox (badness 10000) in paragraph at lines 185--198

 []

[17 <./cover/figures/Processus_d’évaluation_d’une_Tierce_Partie2.png (PNG 
copy)>]
Underfull \hbox (badness 10000) in paragraph at lines 199--211

 []


Underfull \hbox (badness 10000) in paragraph at lines 227--230

 []

[18]
<cover/figures/Architecture_initiale_d’IPANEMA1.png, id=530, 1541.76pt x 1027
.84pt>
File: cover/figures/Architecture_initiale_d’IPANEMA1.png Graphic file (type p
ng)
<use cover/figures/Architecture_initiale_d’IPANEMA1.png>
Package pdftex.def Info: cover/figures/Architecture_initiale_d’IPANEMA1.png  
used on input line 268.
(pdftex.def)             Requested size: 465.23125pt x 310.1423pt.
<cover/figures/Principedeconstructiondel’anciennetableàplat.png, id=531, 149
2.8272pt x 530.73282pt>
File: cover/figures/Principedeconstructiondel’anciennetableàplat.png Graphic
 file (type png)
<use cover/figures/Principedeconstructiondel’anciennetableàplat.png>
Package pdftex.def Info: cover/figures/Principedeconstructiondel’anciennetabl
eàplat.png  used on input line 284.
(pdftex.def)             Requested size: 465.23125pt x 165.40009pt.
 [19 <./cover/figures/Architecture_initiale_d’IPANEMA1.png (PNG copy)>]
<cover/figures/AncienworkflowAlteryx1.png, id=537, 1453.43pt x 1090.0725pt>
File: cover/figures/AncienworkflowAlteryx1.png Graphic file (type png)
<use cover/figures/AncienworkflowAlteryx1.png>
Package pdftex.def Info: cover/figures/AncienworkflowAlteryx1.png  used on inpu
t line 298.
(pdftex.def)             Requested size: 465.23125pt x 348.9135pt.

[20 <./cover/figures/Principedeconstructiondel’anciennetableàplat.png>]
Underfull \hbox (badness 10000) in paragraph at lines 303--313

 []

[21 <./cover/figures/AncienworkflowAlteryx1.png (PNG copy)>]
Underfull \hbox (badness 10000) in paragraph at lines 342--365

 []

[22]
Underfull \hbox (badness 10000) in paragraph at lines 380--385

 []

<cover/figures/satisfactionparcritèrepourCebiphar.png, id=551, 1321.93875pt x 
1198.4775pt>
File: cover/figures/satisfactionparcritèrepourCebiphar.png Graphic file (type 
png)
<use cover/figures/satisfactionparcritèrepourCebiphar.png>
Package pdftex.def Info: cover/figures/satisfactionparcritèrepourCebiphar.png 
 used on input line 395.
(pdftex.def)             Requested size: 330.42041pt x 299.56378pt.
<cover/figures/NouveaudashboardPowerBI.png, id=552, 1663.21375pt x 952.55875pt>

File: cover/figures/NouveaudashboardPowerBI.png Graphic file (type png)
<use cover/figures/NouveaudashboardPowerBI.png>
Package pdftex.def Info: cover/figures/NouveaudashboardPowerBI.png  used on inp
ut line 411.
(pdftex.def)             Requested size: 465.23125pt x 266.43846pt.
[23 <./cover/figures/satisfactionparcritèrepourCebiphar.png (PNG copy)>]
<cover/figures/Extrait_de_la_liste_SharePoint_CriteriaEvaluation.png, id=557, 7
26.91576pt x 373.395pt>
File: cover/figures/Extrait_de_la_liste_SharePoint_CriteriaEvaluation.png Graph
ic file (type png)
<use cover/figures/Extrait_de_la_liste_SharePoint_CriteriaEvaluation.png>
Package pdftex.def Info: cover/figures/Extrait_de_la_liste_SharePoint_CriteriaE
valuation.png  used on input line 425.
(pdftex.def)             Requested size: 465.23125pt x 238.97768pt.

[24 <./cover/figures/NouveaudashboardPowerBI.png (PNG copy)>] [25 <./cover/figu
res/Extrait_de_la_liste_SharePoint_CriteriaEvaluation.png>]
<cover/figures/FormalisationdubesoinduprojetIPANEMA.png, id=568, 1070.49937pt x
 706.13812pt>
File: cover/figures/FormalisationdubesoinduprojetIPANEMA.png Graphic file (type
 png)
<use cover/figures/FormalisationdubesoinduprojetIPANEMA.png>
Package pdftex.def Info: cover/figures/FormalisationdubesoinduprojetIPANEMA.png
  used on input line 482.
(pdftex.def)             Requested size: 283.22162pt x 186.82402pt.

Underfull \hbox (badness 1648) in paragraph at lines 517--517
[]|\T1/ptm/m/n/10.95 Traitement ex-pli-cite des va-leurs man-
 []

[26 <./cover/figures/FormalisationdubesoinduprojetIPANEMA.png>] [27]
Underfull \hbox (badness 2073) in paragraph at lines 544--544
[]|\T1/ptm/m/n/10.95 Duplications, va-leurs man-quantes in-ter-pr�-t�es
 []


Underfull \hbox (badness 10000) in paragraph at lines 556--558

 []


Underfull \hbox (badness 10000) in paragraph at lines 559--562

 []


Underfull \hbox (badness 10000) in paragraph at lines 563--565

 []


Underfull \hbox (badness 10000) in paragraph at lines 573--577

 []

[28]
Underfull \hbox (badness 10000) in paragraph at lines 578--583

 []


Underfull \hbox (badness 10000) in paragraph at lines 584--591

 []

<cover/figures/ArchitecturegénéraledelachaînedetraitementIPANEMA.png, id=584
, 1678.27pt x 944.52875pt>
File: cover/figures/ArchitecturegénéraledelachaînedetraitementIPANEMA.png Gr
aphic file (type png)
<use cover/figures/ArchitecturegénéraledelachaînedetraitementIPANEMA.png>
Package pdftex.def Info: cover/figures/Architecturegénéraledelachaînedetrait
ementIPANEMA.png  used on input line 602.
(pdftex.def)             Requested size: 283.22162pt x 159.38594pt.
<cover/figures/Comparaisondel’architectureDataetdécisionnelled’IPANEMAavan
tetaprèslarefonte.png, id=585, 1258.7025pt x 1258.7025pt>
File: cover/figures/Comparaisondel’architectureDataetdécisionnelled’IPANEM
Aavantetaprèslarefonte.png Graphic file (type png)
<use cover/figures/Comparaisondel’architectureDataetdécisionnelled’IPANEMA
avantetaprèslarefonte.png>
Package pdftex.def Info: cover/figures/Comparaisondel’architectureDataetdéci
sionnelled’IPANEMAavantetaprèslarefonte.png  used on input line 613.
(pdftex.def)             Requested size: 283.22162pt x 283.21504pt.
[29 <./cover/figures/ArchitecturegénéraledelachaînedetraitementIPANEMA.png (
PNG copy)>]
Underfull \hbox (badness 10000) in paragraph at lines 623--629

 []

<cover/figures/En-tête documentaire standard appliqué au workflow DS_IPANEMA.
png, id=590, 2183.15625pt x 725.71124pt>
File: cover/figures/En-tête documentaire standard appliqué au workflow DS_IPA
NEMA.png Graphic file (type png)
<use cover/figures/En-tête documentaire standard appliqué au workflow DS_IPAN
EMA.png>
Package pdftex.def Info: cover/figures/En-tête documentaire standard appliqué
 au workflow DS_IPANEMA.png  used on input line 639.
(pdftex.def)             Requested size: 465.23125pt x 154.64069pt.
[30 <./cover/figures/Comparaisondel’architectureDataetdécisionnelled’IPANE
MAavantetaprèslarefonte.png (PNG copy)>]
<cover/figures/Formule REGEX_Replace appliquée pour nettoyer le préfixe techn
ique des identifiants.png, id=595, 1896.08376pt x 835.12pt>
File: cover/figures/Formule REGEX_Replace appliquée pour nettoyer le préfixe 
technique des identifiants.png Graphic file (type png)
<use cover/figures/Formule REGEX_Replace appliquée pour nettoyer le préfixe t
echnique des identifiants.png>
Package pdftex.def Info: cover/figures/Formule REGEX_Replace appliquée pour ne
ttoyer le préfixe technique des identifiants.png  used on input line 652.
(pdftex.def)             Requested size: 465.23125pt x 204.90564pt.

Underfull \hbox (badness 10000) in paragraph at lines 657--669

 []

[31 <./cover/figures/En-tête documentaire standard appliqué au workflow DS_IP
ANEMA.png (PNG copy)> <./cover/figures/Formule REGEX_Replace appliquée pour ne
ttoyer le préfixe technique des identifiants.png (PNG copy)>]
Underfull \hbox (badness 10000) in paragraph at lines 670--674

 []


Underfull \hbox (badness 10000) in paragraph at lines 675--681

 []


Underfull \hbox (badness 10000) in paragraph at lines 692--701

 []


Overfull \hbox (2.10513pt too wide) in paragraph at lines 721--721
[]\T1/cmtt/m/n/10.95 PartnerRisks_refPartner
 []


Underfull \hbox (badness 10000) in paragraph at lines 721--721
\T1/ptm/m/n/10.95 +
 []


Overfull \hbox (7.7635pt too wide) in paragraph at lines 721--721
\T1/cmtt/m/n/10.95 PartnerRisks_refCampaign
 []

<cover/figures/Modèle_sémantique_Power_BI_relations_entre_les_tables .png, id
=601, 708.84825pt x 446.8695pt>
File: cover/figures/Modèle_sémantique_Power_BI_relations_entre_les_tables .pn
g Graphic file (type png)
<use cover/figures/Modèle_sémantique_Power_BI_relations_entre_les_tables .png
>
Package pdftex.def Info: cover/figures/Modèle_sémantique_Power_BI_relations_e
ntre_les_tables .png  used on input line 731.
(pdftex.def)             Requested size: 465.23125pt x 293.28465pt.
[32]
Underfull \hbox (badness 10000) in paragraph at lines 736--743

 []

[33 <./cover/figures/Modèle_sémantique_Power_BI_relations_entre_les_tables .p
ng>]
Underfull \hbox (badness 10000) in paragraph at lines 744--747

 []


Underfull \hbox (badness 10000) in paragraph at lines 748--754

 []

<cover/figures/Table_DIM_Criteria_triée_par_Criteria_refCampaign_Id.png, id=61
3, 337.86224pt x 372.1905pt>
File: cover/figures/Table_DIM_Criteria_triée_par_Criteria_refCampaign_Id.png G
raphic file (type png)
<use cover/figures/Table_DIM_Criteria_triée_par_Criteria_refCampaign_Id.png>
Package pdftex.def Info: cover/figures/Table_DIM_Criteria_triée_par_Criteria_r
efCampaign_Id.png  used on input line 768.
(pdftex.def)             Requested size: 283.22162pt x 312.01318pt.
[34]
Underfull \hbox (badness 10000) in paragraph at lines 781--785

 []

[35 <./cover/figures/Table_DIM_Criteria_triée_par_Criteria_refCampaign_Id.png>
]
Underfull \hbox (badness 10000) in paragraph at lines 829--833

 []


Underfull \hbox (badness 10000) in paragraph at lines 834--839

 []


Underfull \hbox (badness 10000) in paragraph at lines 840--845

 []

[36]
Underfull \hbox (badness 10000) in paragraph at lines 856--861

 []


Underfull \hbox (badness 10000) in paragraph at lines 862--869

 []


Underfull \hbox (badness 10000) in paragraph at lines 883--887

 []

<cover/figures/Paged’accueil du dashboard Power BI IPANEMA.png, id=627, 1677.
26625pt x 944.52875pt>
File: cover/figures/Paged’accueil du dashboard Power BI IPANEMA.png Graphic f
ile (type png)
<use cover/figures/Paged’accueil du dashboard Power BI IPANEMA.png>
Package pdftex.def Info: cover/figures/Paged’accueil du dashboard Power BI IP
ANEMA.png  used on input line 894.
(pdftex.def)             Requested size: 465.23125pt x 261.98732pt.
[37]
<cover/figures/AllResultsTP1.png, id=633, 1467.4825pt x 1080.035pt>
File: cover/figures/AllResultsTP1.png Graphic file (type png)
<use cover/figures/AllResultsTP1.png>
Package pdftex.def Info: cover/figures/AllResultsTP1.png  used on input line 90
7.
(pdftex.def)             Requested size: 465.23125pt x 342.38818pt.
 [38 <./cover/figures/Paged’accueil du dashboard Power BI IPANEMA.png (PNG co
py)>]
Underfull \hbox (badness 10000) in paragraph at lines 912--916

 []


Underfull \hbox (badness 10000) in paragraph at lines 917--923

 []

LaTeX Font Info:    Trying to load font information for TS1+ptm on input line 9
26.
(C:\Users\dridi\AppData\Roaming\MiKTeX\tex/latex/psnfss\ts1ptm.fd
File: ts1ptm.fd 2001/06/04 font definitions for TS1/ptm.
)
<cover/figures/Vue Risk Global (RG)CDMO.png, id=638, 1669.23625pt x 948.54375pt
>
File: cover/figures/Vue Risk Global (RG)CDMO.png Graphic file (type png)
<use cover/figures/Vue Risk Global (RG)CDMO.png>
Package pdftex.def Info: cover/figures/Vue Risk Global (RG)CDMO.png  used on in
put line 931.
(pdftex.def)             Requested size: 465.23125pt x 264.36018pt.
 [39 <./cover/figures/AllResultsTP1.png (PNG copy)>]
Underfull \hbox (badness 10000) in paragraph at lines 936--941

 []


Underfull \hbox (badness 10000) in paragraph at lines 946--949

 []

<cover/figures/VueGlobalSatisfaction.png, id=643, 1503.6175pt x 1053.9375pt>
File: cover/figures/VueGlobalSatisfaction.png Graphic file (type png)
<use cover/figures/VueGlobalSatisfaction.png>
Package pdftex.def Info: cover/figures/VueGlobalSatisfaction.png  used on input
 line 958.
(pdftex.def)             Requested size: 465.23125pt x 326.09006pt.
[40 <./cover/figures/Vue Risk Global (RG)CDMO.png (PNG copy)>]
Underfull \hbox (badness 10000) in paragraph at lines 970--976

 []


Underfull \hbox (badness 10000) in paragraph at lines 977--988

 []

[41 <./cover/figures/VueGlobalSatisfaction.png (PNG copy)>]
Underfull \hbox (badness 10000) in paragraph at lines 998--1001

 []


Underfull \hbox (badness 10000) in paragraph at lines 1002--1008

 []


Underfull \hbox (badness 10000) in paragraph at lines 1009--1014

 []


Underfull \hbox (badness 10000) in paragraph at lines 1029--1034

 []

[42]
Underfull \hbox (badness 10000) in paragraph at lines 1067--1067
[]|\T1/ptm/m/n/10.95 Restituer cor-rec-te-ment les
 []


Underfull \hbox (badness 2197) in paragraph at lines 1067--1067
\T1/ptm/m/n/10.95 de chaque en-re-gis-tre-ment par
 []

[43]) (chapters/conclusion.tex [44]) [45

] [46

] (chapters/Annexe.tex [47

]
[48


] [49] [50]) [51]
Package minitoc Info: I0009
(minitoc)             Listing minitoc auxiliary files. 
(minitoc)             Creating the main.maf file.
\openout4 = `main.maf'.

 [52] (main.aux)
 ***********
LaTeX2e <2025-11-01>
L3 programming layer <2025-12-24>
 ***********
Package rerunfilecheck Info: File `main.out' has not changed.
(rerunfilecheck)             Checksum: 9B095D3CAAD803C27CF2E16B16BE5DC8;13967.
 ) 
Here is how much of TeX's memory you used:
 32881 strings out of 467871
 657886 string characters out of 5428443
 1110098 words of memory out of 5000000
 61028 multiletter control sequences out of 15000+600000
 693150 words of font info for 109 fonts, out of 8000000 for 9000
 1141 hyphenation exceptions out of 8191
 86i,10n,104p,674b,772s stack positions out of 10000i,1000n,20000p,200000b,200000s
 <C:\Users\dridi\AppData\Local\MiKTeX\fonts/pk/ljfour/jknappen/ec/dpi600\ectt
1095.pk><C:/Program Files/MiKTeX/fonts/type1/public/amsfonts/cm/cmsy10.pfb><C:/
Program Files/MiKTeX/fonts/type1/urw/times/utmb8a.pfb><C:/Program Files/MiKTeX/
fonts/type1/urw/times/utmbi8a.pfb><C:/Program Files/MiKTeX/fonts/type1/urw/time
s/utmr8a.pfb><C:/Program Files/MiKTeX/fonts/type1/urw/times/utmri8a.pfb>
Output written on main.pdf (58 pages, 19325287 bytes).
PDF statistics:
 822 PDF objects out of 1000 (max. 8388607)
 153 named destinations out of 1000 (max. 500000)
 722 words of extra memory for PDF output out of 10000 (max. 10000000)

